
[1m[46m RUN [49m[22m [36mv3.2.4 [39m[90mD:/Focus Soundtracks[39m

node : [90mstderr[2m | 
src/components/__tests__/RoomExperience.property.test.tsx[2m > 
[22m[2mProperty 12: Tap Target Minimum Size[2m > [22m[2mFocusTimer mode 
selection container uses gap-2 or larger for spacing
At line:1 char:1
+ node ./node_modules/vitest/vitest.mjs run > test-output.txt 2>&1; Get ...
+ ~~~~~~~~~~~~~~~~~~~~~~~~~~~~~~~~~~~~~~~~~~~~~~~~~~~~~~~~~~~~~~~~
    + CategoryInfo          : NotSpecified: ([90mstderr[2m...ger for spacing: 
   String) [], RemoteException
    + FullyQualifiedErrorId : NativeCommandError
 
[22m[39mAn update to FocusTimer inside a test was not wrapped in act(...).

When testing, code that causes React state updates should be wrapped into 
act(...):

act(() => {
  /* fire events that update state */
});
/* assert on the output */

This ensures that you're testing the behavior the user would see in the 
browser. Learn more at https://react.dev/link/wrap-tests-with-act
An update to FocusTimer inside a test was not wrapped in act(...).

When testing, code that causes React state updates should be wrapped into 
act(...):

act(() => {
  /* fire events that update state */
});
/* assert on the output */

This ensures that you're testing the behavior the user would see in the 
browser. Learn more at https://react.dev/link/wrap-tests-with-act
An update to FocusTimer inside a test was not wrapped in act(...).

When testing, code that causes React state updates should be wrapped into 
act(...):

act(() => {
  /* fire events that update state */
});
/* assert on the output */

This ensures that you're testing the behavior the user would see in the 
browser. Learn more at https://react.dev/link/wrap-tests-with-act
An update to FocusTimer inside a test was not wrapped in act(...).

When testing, code that causes React state updates should be wrapped into 
act(...):

act(() => {
  /* fire events that update state */
});
/* assert on the output */

This ensures that you're testing the behavior the user would see in the 
browser. Learn more at https://react.dev/link/wrap-tests-with-act
An update to FocusTimer inside a test was not wrapped in act(...).

When testing, code that causes React state updates should be wrapped into 
act(...):

act(() => {
  /* fire events that update state */
});
/* assert on the output */

This ensures that you're testing the behavior the user would see in the 
browser. Learn more at https://react.dev/link/wrap-tests-with-act
An update to FocusTimer inside a test was not wrapped in act(...).

When testing, code that causes React state updates should be wrapped into 
act(...):

act(() => {
  /* fire events that update state */
});
/* assert on the output */

This ensures that you're testing the behavior the user would see in the 
browser. Learn more at https://react.dev/link/wrap-tests-with-act
An update to FocusTimer inside a test was not wrapped in act(...).

When testing, code that causes React state updates should be wrapped into 
act(...):

act(() => {
  /* fire events that update state */
});
/* assert on the output */

This ensures that you're testing the behavior the user would see in the 
browser. Learn more at https://react.dev/link/wrap-tests-with-act
An update to FocusTimer inside a test was not wrapped in act(...).

When testing, code that causes React state updates should be wrapped into 
act(...):

act(() => {
  /* fire events that update state */
});
/* assert on the output */

This ensures that you're testing the behavior the user would see in the 
browser. Learn more at https://react.dev/link/wrap-tests-with-act
An update to FocusTimer inside a test was not wrapped in act(...).

When testing, code that causes React state updates should be wrapped into 
act(...):

act(() => {
  /* fire events that update state */
});
/* assert on the output */

This ensures that you're testing the behavior the user would see in the 
browser. Learn more at https://react.dev/link/wrap-tests-with-act
An update to FocusTimer inside a test was not wrapped in act(...).

When testing, code that causes React state updates should be wrapped into 
act(...):

act(() => {
  /* fire events that update state */
});
/* assert on the output */

This ensures that you're testing the behavior the user would see in the 
browser. Learn more at https://react.dev/link/wrap-tests-with-act
An update to FocusTimer inside a test was not wrapped in act(...).

When testing, code that causes React state updates should be wrapped into 
act(...):

act(() => {
  /* fire events that update state */
});
/* assert on the output */

This ensures that you're testing the behavior the user would see in the 
browser. Learn more at https://react.dev/link/wrap-tests-with-act
An update to FocusTimer inside a test was not wrapped in act(...).

When testing, code that causes React state updates should be wrapped into 
act(...):

act(() => {
  /* fire events that update state */
});
/* assert on the output */

This ensures that you're testing the behavior the user would see in the 
browser. Learn more at https://react.dev/link/wrap-tests-with-act
An update to FocusTimer inside a test was not wrapped in act(...).

When testing, code that causes React state updates should be wrapped into 
act(...):

act(() => {
  /* fire events that update state */
});
/* assert on the output */

This ensures that you're testing the behavior the user would see in the 
browser. Learn more at https://react.dev/link/wrap-tests-with-act
An update to FocusTimer inside a test was not wrapped in act(...).

When testing, code that causes React state updates should be wrapped into 
act(...):

act(() => {
  /* fire events that update state */
});
/* assert on the output */

This ensures that you're testing the behavior the user would see in the 
browser. Learn more at https://react.dev/link/wrap-tests-with-act
An update to FocusTimer inside a test was not wrapped in act(...).

When testing, code that causes React state updates should be wrapped into 
act(...):

act(() => {
  /* fire events that update state */
});
/* assert on the output */

This ensures that you're testing the behavior the user would see in the 
browser. Learn more at https://react.dev/link/wrap-tests-with-act
An update to FocusTimer inside a test was not wrapped in act(...).

When testing, code that causes React state updates should be wrapped into 
act(...):

act(() => {
  /* fire events that update state */
});
/* assert on the output */

This ensures that you're testing the behavior the user would see in the 
browser. Learn more at https://react.dev/link/wrap-tests-with-act
An update to FocusTimer inside a test was not wrapped in act(...).

When testing, code that causes React state updates should be wrapped into 
act(...):

act(() => {
  /* fire events that update state */
});
/* assert on the output */

This ensures that you're testing the behavior the user would see in the 
browser. Learn more at https://react.dev/link/wrap-tests-with-act
An update to FocusTimer inside a test was not wrapped in act(...).

When testing, code that causes React state updates should be wrapped into 
act(...):

act(() => {
  /* fire events that update state */
});
/* assert on the output */

This ensures that you're testing the behavior the user would see in the 
browser. Learn more at https://react.dev/link/wrap-tests-with-act
An update to FocusTimer inside a test was not wrapped in act(...).

When testing, code that causes React state updates should be wrapped into 
act(...):

act(() => {
  /* fire events that update state */
});
/* assert on the output */

This ensures that you're testing the behavior the user would see in the 
browser. Learn more at https://react.dev/link/wrap-tests-with-act
An update to FocusTimer inside a test was not wrapped in act(...).

When testing, code that causes React state updates should be wrapped into 
act(...):

act(() => {
  /* fire events that update state */
});
/* assert on the output */

This ensures that you're testing the behavior the user would see in the 
browser. Learn more at https://react.dev/link/wrap-tests-with-act
An update to FocusTimer inside a test was not wrapped in act(...).

When testing, code that causes React state updates should be wrapped into 
act(...):

act(() => {
  /* fire events that update state */
});
/* assert on the output */

This ensures that you're testing the behavior the user would see in the 
browser. Learn more at https://react.dev/link/wrap-tests-with-act
An update to FocusTimer inside a test was not wrapped in act(...).

When testing, code that causes React state updates should be wrapped into 
act(...):

act(() => {
  /* fire events that update state */
});
/* assert on the output */

This ensures that you're testing the behavior the user would see in the 
browser. Learn more at https://react.dev/link/wrap-tests-with-act
An update to FocusTimer inside a test was not wrapped in act(...).

When testing, code that causes React state updates should be wrapped into 
act(...):

act(() => {
  /* fire events that update state */
});
/* assert on the output */

This ensures that you're testing the behavior the user would see in the 
browser. Learn more at https://react.dev/link/wrap-tests-with-act
An update to FocusTimer inside a test was not wrapped in act(...).

When testing, code that causes React state updates should be wrapped into 
act(...):

act(() => {
  /* fire events that update state */
});
/* assert on the output */

This ensures that you're testing the behavior the user would see in the 
browser. Learn more at https://react.dev/link/wrap-tests-with-act
An update to FocusTimer inside a test was not wrapped in act(...).

When testing, code that causes React state updates should be wrapped into 
act(...):

act(() => {
  /* fire events that update state */
});
/* assert on the output */

This ensures that you're testing the behavior the user would see in the 
browser. Learn more at https://react.dev/link/wrap-tests-with-act
An update to FocusTimer inside a test was not wrapped in act(...).

When testing, code that causes React state updates should be wrapped into 
act(...):

act(() => {
  /* fire events that update state */
});
/* assert on the output */

This ensures that you're testing the behavior the user would see in the 
browser. Learn more at https://react.dev/link/wrap-tests-with-act
An update to FocusTimer inside a test was not wrapped in act(...).

When testing, code that causes React state updates should be wrapped into 
act(...):

act(() => {
  /* fire events that update state */
});
/* assert on the output */

This ensures that you're testing the behavior the user would see in the 
browser. Learn more at https://react.dev/link/wrap-tests-with-act
An update to FocusTimer inside a test was not wrapped in act(...).

When testing, code that causes React state updates should be wrapped into 
act(...):

act(() => {
  /* fire events that update state */
});
/* assert on the output */

This ensures that you're testing the behavior the user would see in the 
browser. Learn more at https://react.dev/link/wrap-tests-with-act
An update to FocusTimer inside a test was not wrapped in act(...).

When testing, code that causes React state updates should be wrapped into 
act(...):

act(() => {
  /* fire events that update state */
});
/* assert on the output */

This ensures that you're testing the behavior the user would see in the 
browser. Learn more at https://react.dev/link/wrap-tests-with-act
An update to FocusTimer inside a test was not wrapped in act(...).

When testing, code that causes React state updates should be wrapped into 
act(...):

act(() => {
  /* fire events that update state */
});
/* assert on the output */

This ensures that you're testing the behavior the user would see in the 
browser. Learn more at https://react.dev/link/wrap-tests-with-act
An update to FocusTimer inside a test was not wrapped in act(...).

When testing, code that causes React state updates should be wrapped into 
act(...):

act(() => {
  /* fire events that update state */
});
/* assert on the output */

This ensures that you're testing the behavior the user would see in the 
browser. Learn more at https://react.dev/link/wrap-tests-with-act
An update to FocusTimer inside a test was not wrapped in act(...).

When testing, code that causes React state updates should be wrapped into 
act(...):

act(() => {
  /* fire events that update state */
});
/* assert on the output */

This ensures that you're testing the behavior the user would see in the 
browser. Learn more at https://react.dev/link/wrap-tests-with-act
An update to FocusTimer inside a test was not wrapped in act(...).

When testing, code that causes React state updates should be wrapped into 
act(...):

act(() => {
  /* fire events that update state */
});
/* assert on the output */

This ensures that you're testing the behavior the user would see in the 
browser. Learn more at https://react.dev/link/wrap-tests-with-act
An update to FocusTimer inside a test was not wrapped in act(...).

When testing, code that causes React state updates should be wrapped into 
act(...):

act(() => {
  /* fire events that update state */
});
/* assert on the output */

This ensures that you're testing the behavior the user would see in the 
browser. Learn more at https://react.dev/link/wrap-tests-with-act
An update to FocusTimer inside a test was not wrapped in act(...).

When testing, code that causes React state updates should be wrapped into 
act(...):

act(() => {
  /* fire events that update state */
});
/* assert on the output */

This ensures that you're testing the behavior the user would see in the 
browser. Learn more at https://react.dev/link/wrap-tests-with-act
An update to FocusTimer inside a test was not wrapped in act(...).

When testing, code that causes React state updates should be wrapped into 
act(...):

act(() => {
  /* fire events that update state */
});
/* assert on the output */

This ensures that you're testing the behavior the user would see in the 
browser. Learn more at https://react.dev/link/wrap-tests-with-act
An update to FocusTimer inside a test was not wrapped in act(...).

When testing, code that causes React state updates should be wrapped into 
act(...):

act(() => {
  /* fire events that update state */
});
/* assert on the output */

This ensures that you're testing the behavior the user would see in the 
browser. Learn more at https://react.dev/link/wrap-tests-with-act
An update to FocusTimer inside a test was not wrapped in act(...).

When testing, code that causes React state updates should be wrapped into 
act(...):

act(() => {
  /* fire events that update state */
});
/* assert on the output */

This ensures that you're testing the behavior the user would see in the 
browser. Learn more at https://react.dev/link/wrap-tests-with-act
An update to FocusTimer inside a test was not wrapped in act(...).

When testing, code that causes React state updates should be wrapped into 
act(...):

act(() => {
  /* fire events that update state */
});
/* assert on the output */

This ensures that you're testing the behavior the user would see in the 
browser. Learn more at https://react.dev/link/wrap-tests-with-act
An update to FocusTimer inside a test was not wrapped in act(...).

When testing, code that causes React state updates should be wrapped into 
act(...):

act(() => {
  /* fire events that update state */
});
/* assert on the output */

This ensures that you're testing the behavior the user would see in the 
browser. Learn more at https://react.dev/link/wrap-tests-with-act
An update to FocusTimer inside a test was not wrapped in act(...).

When testing, code that causes React state updates should be wrapped into 
act(...):

act(() => {
  /* fire events that update state */
});
/* assert on the output */

This ensures that you're testing the behavior the user would see in the 
browser. Learn more at https://react.dev/link/wrap-tests-with-act
An update to FocusTimer inside a test was not wrapped in act(...).

When testing, code that causes React state updates should be wrapped into 
act(...):

act(() => {
  /* fire events that update state */
});
/* assert on the output */

This ensures that you're testing the behavior the user would see in the 
browser. Learn more at https://react.dev/link/wrap-tests-with-act
An update to FocusTimer inside a test was not wrapped in act(...).

When testing, code that causes React state updates should be wrapped into 
act(...):

act(() => {
  /* fire events that update state */
});
/* assert on the output */

This ensures that you're testing the behavior the user would see in the 
browser. Learn more at https://react.dev/link/wrap-tests-with-act
An update to FocusTimer inside a test was not wrapped in act(...).

When testing, code that causes React state updates should be wrapped into 
act(...):

act(() => {
  /* fire events that update state */
});
/* assert on the output */

This ensures that you're testing the behavior the user would see in the 
browser. Learn more at https://react.dev/link/wrap-tests-with-act
An update to FocusTimer inside a test was not wrapped in act(...).

When testing, code that causes React state updates should be wrapped into 
act(...):

act(() => {
  /* fire events that update state */
});
/* assert on the output */

This ensures that you're testing the behavior the user would see in the 
browser. Learn more at https://react.dev/link/wrap-tests-with-act
An update to FocusTimer inside a test was not wrapped in act(...).

When testing, code that causes React state updates should be wrapped into 
act(...):

act(() => {
  /* fire events that update state */
});
/* assert on the output */

This ensures that you're testing the behavior the user would see in the 
browser. Learn more at https://react.dev/link/wrap-tests-with-act
An update to FocusTimer inside a test was not wrapped in act(...).

When testing, code that causes React state updates should be wrapped into 
act(...):

act(() => {
  /* fire events that update state */
});
/* assert on the output */

This ensures that you're testing the behavior the user would see in the 
browser. Learn more at https://react.dev/link/wrap-tests-with-act
An update to FocusTimer inside a test was not wrapped in act(...).

When testing, code that causes React state updates should be wrapped into 
act(...):

act(() => {
  /* fire events that update state */
});
/* assert on the output */

This ensures that you're testing the behavior the user would see in the 
browser. Learn more at https://react.dev/link/wrap-tests-with-act
An update to FocusTimer inside a test was not wrapped in act(...).

When testing, code that causes React state updates should be wrapped into 
act(...):

act(() => {
  /* fire events that update state */
});
/* assert on the output */

This ensures that you're testing the behavior the user would see in the 
browser. Learn more at https://react.dev/link/wrap-tests-with-act
An update to FocusTimer inside a test was not wrapped in act(...).

When testing, code that causes React state updates should be wrapped into 
act(...):

act(() => {
  /* fire events that update state */
});
/* assert on the output */

This ensures that you're testing the behavior the user would see in the 
browser. Learn more at https://react.dev/link/wrap-tests-with-act
An update to FocusTimer inside a test was not wrapped in act(...).

When testing, code that causes React state updates should be wrapped into 
act(...):

act(() => {
  /* fire events that update state */
});
/* assert on the output */

This ensures that you're testing the behavior the user would see in the 
browser. Learn more at https://react.dev/link/wrap-tests-with-act
An update to FocusTimer inside a test was not wrapped in act(...).

When testing, code that causes React state updates should be wrapped into 
act(...):

act(() => {
  /* fire events that update state */
});
/* assert on the output */

This ensures that you're testing the behavior the user would see in the 
browser. Learn more at https://react.dev/link/wrap-tests-with-act
An update to FocusTimer inside a test was not wrapped in act(...).

When testing, code that causes React state updates should be wrapped into 
act(...):

act(() => {
  /* fire events that update state */
});
/* assert on the output */

This ensures that you're testing the behavior the user would see in the 
browser. Learn more at https://react.dev/link/wrap-tests-with-act
An update to FocusTimer inside a test was not wrapped in act(...).

When testing, code that causes React state updates should be wrapped into 
act(...):

act(() => {
  /* fire events that update state */
});
/* assert on the output */

This ensures that you're testing the behavior the user would see in the 
browser. Learn more at https://react.dev/link/wrap-tests-with-act
An update to FocusTimer inside a test was not wrapped in act(...).

When testing, code that causes React state updates should be wrapped into 
act(...):

act(() => {
  /* fire events that update state */
});
/* assert on the output */

This ensures that you're testing the behavior the user would see in the 
browser. Learn more at https://react.dev/link/wrap-tests-with-act
An update to FocusTimer inside a test was not wrapped in act(...).

When testing, code that causes React state updates should be wrapped into 
act(...):

act(() => {
  /* fire events that update state */
});
/* assert on the output */

This ensures that you're testing the behavior the user would see in the 
browser. Learn more at https://react.dev/link/wrap-tests-with-act
An update to FocusTimer inside a test was not wrapped in act(...).

When testing, code that causes React state updates should be wrapped into 
act(...):

act(() => {
  /* fire events that update state */
});
/* assert on the output */

This ensures that you're testing the behavior the user would see in the 
browser. Learn more at https://react.dev/link/wrap-tests-with-act
An update to FocusTimer inside a test was not wrapped in act(...).

When testing, code that causes React state updates should be wrapped into 
act(...):

act(() => {
  /* fire events that update state */
});
/* assert on the output */

This ensures that you're testing the behavior the user would see in the 
browser. Learn more at https://react.dev/link/wrap-tests-with-act
An update to FocusTimer inside a test was not wrapped in act(...).

When testing, code that causes React state updates should be wrapped into 
act(...):

act(() => {
  /* fire events that update state */
});
/* assert on the output */

This ensures that you're testing the behavior the user would see in the 
browser. Learn more at https://react.dev/link/wrap-tests-with-act
An update to FocusTimer inside a test was not wrapped in act(...).

When testing, code that causes React state updates should be wrapped into 
act(...):

act(() => {
  /* fire events that update state */
});
/* assert on the output */

This ensures that you're testing the behavior the user would see in the 
browser. Learn more at https://react.dev/link/wrap-tests-with-act
An update to FocusTimer inside a test was not wrapped in act(...).

When testing, code that causes React state updates should be wrapped into 
act(...):

act(() => {
  /* fire events that update state */
});
/* assert on the output */

This ensures that you're testing the behavior the user would see in the 
browser. Learn more at https://react.dev/link/wrap-tests-with-act
An update to FocusTimer inside a test was not wrapped in act(...).

When testing, code that causes React state updates should be wrapped into 
act(...):

act(() => {
  /* fire events that update state */
});
/* assert on the output */

This ensures that you're testing the behavior the user would see in the 
browser. Learn more at https://react.dev/link/wrap-tests-with-act
An update to FocusTimer inside a test was not wrapped in act(...).

When testing, code that causes React state updates should be wrapped into 
act(...):

act(() => {
  /* fire events that update state */
});
/* assert on the output */

This ensures that you're testing the behavior the user would see in the 
browser. Learn more at https://react.dev/link/wrap-tests-with-act
An update to FocusTimer inside a test was not wrapped in act(...).

When testing, code that causes React state updates should be wrapped into 
act(...):

act(() => {
  /* fire events that update state */
});
/* assert on the output */

This ensures that you're testing the behavior the user would see in the 
browser. Learn more at https://react.dev/link/wrap-tests-with-act
An update to FocusTimer inside a test was not wrapped in act(...).

When testing, code that causes React state updates should be wrapped into 
act(...):

act(() => {
  /* fire events that update state */
});
/* assert on the output */

This ensures that you're testing the behavior the user would see in the 
browser. Learn more at https://react.dev/link/wrap-tests-with-act
An update to FocusTimer inside a test was not wrapped in act(...).

When testing, code that causes React state updates should be wrapped into 
act(...):

act(() => {
  /* fire events that update state */
});
/* assert on the output */

This ensures that you're testing the behavior the user would see in the 
browser. Learn more at https://react.dev/link/wrap-tests-with-act
An update to FocusTimer inside a test was not wrapped in act(...).

When testing, code that causes React state updates should be wrapped into 
act(...):

act(() => {
  /* fire events that update state */
});
/* assert on the output */

This ensures that you're testing the behavior the user would see in the 
browser. Learn more at https://react.dev/link/wrap-tests-with-act
An update to FocusTimer inside a test was not wrapped in act(...).

When testing, code that causes React state updates should be wrapped into 
act(...):

act(() => {
  /* fire events that update state */
});
/* assert on the output */

This ensures that you're testing the behavior the user would see in the 
browser. Learn more at https://react.dev/link/wrap-tests-with-act
An update to FocusTimer inside a test was not wrapped in act(...).

When testing, code that causes React state updates should be wrapped into 
act(...):

act(() => {
  /* fire events that update state */
});
/* assert on the output */

This ensures that you're testing the behavior the user would see in the 
browser. Learn more at https://react.dev/link/wrap-tests-with-act
An update to FocusTimer inside a test was not wrapped in act(...).

When testing, code that causes React state updates should be wrapped into 
act(...):

act(() => {
  /* fire events that update state */
});
/* assert on the output */

This ensures that you're testing the behavior the user would see in the 
browser. Learn more at https://react.dev/link/wrap-tests-with-act
An update to FocusTimer inside a test was not wrapped in act(...).

When testing, code that causes React state updates should be wrapped into 
act(...):

act(() => {
  /* fire events that update state */
});
/* assert on the output */

This ensures that you're testing the behavior the user would see in the 
browser. Learn more at https://react.dev/link/wrap-tests-with-act
An update to FocusTimer inside a test was not wrapped in act(...).

When testing, code that causes React state updates should be wrapped into 
act(...):

act(() => {
  /* fire events that update state */
});
/* assert on the output */

This ensures that you're testing the behavior the user would see in the 
browser. Learn more at https://react.dev/link/wrap-tests-with-act
An update to FocusTimer inside a test was not wrapped in act(...).

When testing, code that causes React state updates should be wrapped into 
act(...):

act(() => {
  /* fire events that update state */
});
/* assert on the output */

This ensures that you're testing the behavior the user would see in the 
browser. Learn more at https://react.dev/link/wrap-tests-with-act
An update to FocusTimer inside a test was not wrapped in act(...).

When testing, code that causes React state updates should be wrapped into 
act(...):

act(() => {
  /* fire events that update state */
});
/* assert on the output */

This ensures that you're testing the behavior the user would see in the 
browser. Learn more at https://react.dev/link/wrap-tests-with-act
An update to FocusTimer inside a test was not wrapped in act(...).

When testing, code that causes React state updates should be wrapped into 
act(...):

act(() => {
  /* fire events that update state */
});
/* assert on the output */

This ensures that you're testing the behavior the user would see in the 
browser. Learn more at https://react.dev/link/wrap-tests-with-act
An update to FocusTimer inside a test was not wrapped in act(...).

When testing, code that causes React state updates should be wrapped into 
act(...):

act(() => {
  /* fire events that update state */
});
/* assert on the output */

This ensures that you're testing the behavior the user would see in the 
browser. Learn more at https://react.dev/link/wrap-tests-with-act
An update to FocusTimer inside a test was not wrapped in act(...).

When testing, code that causes React state updates should be wrapped into 
act(...):

act(() => {
  /* fire events that update state */
});
/* assert on the output */

This ensures that you're testing the behavior the user would see in the 
browser. Learn more at https://react.dev/link/wrap-tests-with-act
An update to FocusTimer inside a test was not wrapped in act(...).

When testing, code that causes React state updates should be wrapped into 
act(...):

act(() => {
  /* fire events that update state */
});
/* assert on the output */

This ensures that you're testing the behavior the user would see in the 
browser. Learn more at https://react.dev/link/wrap-tests-with-act
An update to FocusTimer inside a test was not wrapped in act(...).

When testing, code that causes React state updates should be wrapped into 
act(...):

act(() => {
  /* fire events that update state */
});
/* assert on the output */

This ensures that you're testing the behavior the user would see in the 
browser. Learn more at https://react.dev/link/wrap-tests-with-act
An update to FocusTimer inside a test was not wrapped in act(...).

When testing, code that causes React state updates should be wrapped into 
act(...):

act(() => {
  /* fire events that update state */
});
/* assert on the output */

This ensures that you're testing the behavior the user would see in the 
browser. Learn more at https://react.dev/link/wrap-tests-with-act
An update to FocusTimer inside a test was not wrapped in act(...).

When testing, code that causes React state updates should be wrapped into 
act(...):

act(() => {
  /* fire events that update state */
});
/* assert on the output */

This ensures that you're testing the behavior the user would see in the 
browser. Learn more at https://react.dev/link/wrap-tests-with-act
An update to FocusTimer inside a test was not wrapped in act(...).

When testing, code that causes React state updates should be wrapped into 
act(...):

act(() => {
  /* fire events that update state */
});
/* assert on the output */

This ensures that you're testing the behavior the user would see in the 
browser. Learn more at https://react.dev/link/wrap-tests-with-act
An update to FocusTimer inside a test was not wrapped in act(...).

When testing, code that causes React state updates should be wrapped into 
act(...):

act(() => {
  /* fire events that update state */
});
/* assert on the output */

This ensures that you're testing the behavior the user would see in the 
browser. Learn more at https://react.dev/link/wrap-tests-with-act
An update to FocusTimer inside a test was not wrapped in act(...).

When testing, code that causes React state updates should be wrapped into 
act(...):

act(() => {
  /* fire events that update state */
});
/* assert on the output */

This ensures that you're testing the behavior the user would see in the 
browser. Learn more at https://react.dev/link/wrap-tests-with-act
An update to FocusTimer inside a test was not wrapped in act(...).

When testing, code that causes React state updates should be wrapped into 
act(...):

act(() => {
  /* fire events that update state */
});
/* assert on the output */

This ensures that you're testing the behavior the user would see in the 
browser. Learn more at https://react.dev/link/wrap-tests-with-act
An update to FocusTimer inside a test was not wrapped in act(...).

When testing, code that causes React state updates should be wrapped into 
act(...):

act(() => {
  /* fire events that update state */
});
/* assert on the output */

This ensures that you're testing the behavior the user would see in the 
browser. Learn more at https://react.dev/link/wrap-tests-with-act
An update to FocusTimer inside a test was not wrapped in act(...).

When testing, code that causes React state updates should be wrapped into 
act(...):

act(() => {
  /* fire events that update state */
});
/* assert on the output */

This ensures that you're testing the behavior the user would see in the 
browser. Learn more at https://react.dev/link/wrap-tests-with-act
An update to FocusTimer inside a test was not wrapped in act(...).

When testing, code that causes React state updates should be wrapped into 
act(...):

act(() => {
  /* fire events that update state */
});
/* assert on the output */

This ensures that you're testing the behavior the user would see in the 
browser. Learn more at https://react.dev/link/wrap-tests-with-act
An update to FocusTimer inside a test was not wrapped in act(...).

When testing, code that causes React state updates should be wrapped into 
act(...):

act(() => {
  /* fire events that update state */
});
/* assert on the output */

This ensures that you're testing the behavior the user would see in the 
browser. Learn more at https://react.dev/link/wrap-tests-with-act
An update to FocusTimer inside a test was not wrapped in act(...).

When testing, code that causes React state updates should be wrapped into 
act(...):

act(() => {
  /* fire events that update state */
});
/* assert on the output */

This ensures that you're testing the behavior the user would see in the 
browser. Learn more at https://react.dev/link/wrap-tests-with-act
An update to FocusTimer inside a test was not wrapped in act(...).

When testing, code that causes React state updates should be wrapped into 
act(...):

act(() => {
  /* fire events that update state */
});
/* assert on the output */

This ensures that you're testing the behavior the user would see in the 
browser. Learn more at https://react.dev/link/wrap-tests-with-act
An update to FocusTimer inside a test was not wrapped in act(...).

When testing, code that causes React state updates should be wrapped into 
act(...):

act(() => {
  /* fire events that update state */
});
/* assert on the output */

This ensures that you're testing the behavior the user would see in the 
browser. Learn more at https://react.dev/link/wrap-tests-with-act
An update to FocusTimer inside a test was not wrapped in act(...).

When testing, code that causes React state updates should be wrapped into 
act(...):

act(() => {
  /* fire events that update state */
});
/* assert on the output */

This ensures that you're testing the behavior the user would see in the 
browser. Learn more at https://react.dev/link/wrap-tests-with-act
An update to FocusTimer inside a test was not wrapped in act(...).

When testing, code that causes React state updates should be wrapped into 
act(...):

act(() => {
  /* fire events that update state */
});
/* assert on the output */

This ensures that you're testing the behavior the user would see in the 
browser. Learn more at https://react.dev/link/wrap-tests-with-act
An update to FocusTimer inside a test was not wrapped in act(...).

When testing, code that causes React state updates should be wrapped into 
act(...):

act(() => {
  /* fire events that update state */
});
/* assert on the output */

This ensures that you're testing the behavior the user would see in the 
browser. Learn more at https://react.dev/link/wrap-tests-with-act
An update to FocusTimer inside a test was not wrapped in act(...).

When testing, code that causes React state updates should be wrapped into 
act(...):

act(() => {
  /* fire events that update state */
});
/* assert on the output */

This ensures that you're testing the behavior the user would see in the 
browser. Learn more at https://react.dev/link/wrap-tests-with-act
An update to FocusTimer inside a test was not wrapped in act(...).

When testing, code that causes React state updates should be wrapped into 
act(...):

act(() => {
  /* fire events that update state */
});
/* assert on the output */

This ensures that you're testing the behavior the user would see in the 
browser. Learn more at https://react.dev/link/wrap-tests-with-act
An update to FocusTimer inside a test was not wrapped in act(...).

When testing, code that causes React state updates should be wrapped into 
act(...):

act(() => {
  /* fire events that update state */
});
/* assert on the output */

This ensures that you're testing the behavior the user would see in the 
browser. Learn more at https://react.dev/link/wrap-tests-with-act
An update to FocusTimer inside a test was not wrapped in act(...).

When testing, code that causes React state updates should be wrapped into 
act(...):

act(() => {
  /* fire events that update state */
});
/* assert on the output */

This ensures that you're testing the behavior the user would see in the 
browser. Learn more at https://react.dev/link/wrap-tests-with-act
An update to FocusTimer inside a test was not wrapped in act(...).

When testing, code that causes React state updates should be wrapped into 
act(...):

act(() => {
  /* fire events that update state */
});
/* assert on the output */

This ensures that you're testing the behavior the user would see in the 
browser. Learn more at https://react.dev/link/wrap-tests-with-act

 [32mΓ£ô[39m src/components/__tests__/RoomExperience.property.test.tsx [2m([22m[2m9 tests[22m[2m)[22m[33m 17880[2mms[22m[39m
   [33m[2mΓ£ô[22m[39m Property 12: Tap Target Minimum Size[2m > [22mall interactive elements in EmojiDock have minimum 44x44px size classes [33m 3097[2mms[22m[39m
   [33m[2mΓ£ô[22m[39m Property 12: Tap Target Minimum Size[2m > [22mEmojiDock container uses gap-2 or larger for spacing between interactive elements [33m 3158[2mms[22m[39m
   [33m[2mΓ£ô[22m[39m Property 12: Tap Target Minimum Size[2m > [22mall interactive elements in FocusTimer have minimum 44x44px size classes [33m 812[2mms[22m[39m
   [33m[2mΓ£ô[22m[39m Property 12: Tap Target Minimum Size[2m > [22mFocusTimer mode selection container uses gap-2 or larger for spacing [33m 2469[2mms[22m[39m
   [33m[2mΓ£ô[22m[39m Property 12: Tap Target Minimum Size[2m > [22mall interactive elements in YouTubePlayer have minimum 44x44px size classes [33m 3571[2mms[22m[39m
   [33m[2mΓ£ô[22m[39m Property 12: Tap Target Minimum Size[2m > [22mYouTubePlayer controls container uses gap-2 or larger for spacing between interactive elements [33m 1785[2mms[22m[39m
   [33m[2mΓ£ô[22m[39m Property 12: Tap Target Minimum Size[2m > [22mvolume slider container has minimum 44px height for touch accessibility [33m 1658[2mms[22m[39m
   [33m[2mΓ£ô[22m[39m Property 12: Tap Target Minimum Size[2m > [22mRoom Experience back link has minimum 44x44px size classes [33m 647[2mms[22m[39m
   [33m[2mΓ£ô[22m[39m Property 12: Tap Target Minimum Size[2m > [22mRoom Experience main layout uses gap-4 for spacing between component sections [33m 678[2mms[22m[39m
 [32mΓ£ô[39m src/components/__tests__/accessible-labels.property.test.tsx [2m([22m[2m6 tests[22m[2m)[22m[33m 19665[2mms[22m[39m
   [33m[2mΓ£ô[22m[39m Property 15: Accessible Labels[2m > [22mall buttons in EmojiDock have an accessible name [33m 3048[2mms[22m[39m
   [33m[2mΓ£ô[22m[39m Property 15: Accessible Labels[2m > [22mall buttons in FocusTimer have an accessible name [33m 932[2mms[22m[39m
   [33m[2mΓ£ô[22m[39m Property 15: Accessible Labels[2m > [22mall buttons in YouTubePlayer have an accessible name [33m 2201[2mms[22m[39m
   [33m[2mΓ£ô[22m[39m Property 15: Accessible Labels[2m > [22mall links in rendered components have an accessible name [33m 6586[2mms[22m[39m
   [33m[2mΓ£ô[22m[39m Property 15: Accessible Labels[2m > [22mall inputs in YouTubePlayer have an associated label [33m 1757[2mms[22m[39m
   [33m[2mΓ£ô[22m[39m Property 15: Accessible Labels[2m > [22mall img elements that are not aria-hidden have non-empty alt text [33m 5132[2mms[22m[39m
 [32mΓ£ô[39m src/components/__tests__/keyboard-focusability.property.test.tsx [2m([22m[2m10 tests[22m[2m)[22m[33m 22002[2mms[22m[39m
   [33m[2mΓ£ô[22m[39m Property 14: Keyboard Focusability[2m > [22mall interactive elements in EmojiDock are reachable via Tab (non-negative tabIndex) [33m 3498[2mms[22m[39m
   [33m[2mΓ£ô[22m[39m Property 14: Keyboard Focusability[2m > [22mno interactive elements in EmojiDock have tabIndex="-1" [33m 3224[2mms[22m[39m
   [33m[2mΓ£ô[22m[39m Property 14: Keyboard Focusability[2m > [22mno interactive elements in EmojiDock are hidden from the accessibility tree [33m 4106[2mms[22m[39m
   [33m[2mΓ£ô[22m[39m Property 14: Keyboard Focusability[2m > [22mall interactive elements in FocusTimer are reachable via Tab (non-negative tabIndex) [33m 1294[2mms[22m[39m
   [33m[2mΓ£ô[22m[39m Property 14: Keyboard Focusability[2m > [22mno interactive elements in FocusTimer have tabIndex="-1" [33m 1307[2mms[22m[39m
   [33m[2mΓ£ô[22m[39m Property 14: Keyboard Focusability[2m > [22mno interactive elements in FocusTimer are hidden from the accessibility tree [33m 674[2mms[22m[39m
   [33m[2mΓ£ô[22m[39m Property 14: Keyboard Focusability[2m > [22mall interactive elements in YouTubePlayer are reachable via Tab (non-negative tabIndex) [33m 2258[2mms[22m[39m
   [33m[2mΓ£ô[22m[39m Property 14: Keyboard Focusability[2m > [22mno interactive elements in YouTubePlayer have tabIndex="-1" [33m 1675[2mms[22m[39m
   [33m[2mΓ£ô[22m[39m Property 14: Keyboard Focusability[2m > [22mno interactive elements in YouTubePlayer are hidden from the accessibility tree [33m 1468[2mms[22m[39m
   [33m[2mΓ£ô[22m[39m Property 14: Keyboard Focusability[2m > [22minteractive elements inside aria-hidden containers are only decorative (not functional) [33m 2492[2mms[22m[39m
 [32mΓ£ô[39m src/components/FocusTimer.test.tsx [2m([22m[2m21 tests[22m[2m)[22m[33m 3477[2mms[22m[39m
   [33m[2mΓ£ô[22m[39m FocusTimer[2m > [22mCollapsed state[2m > [22mrenders collapsed when no mode is active [33m 692[2mms[22m[39m
 [32mΓ£ô[39m src/app/page.test.tsx [2m([22m[2m11 tests[22m[2m)[22m[33m 2420[2mms[22m[39m
   [33m[2mΓ£ô[22m[39m LandingPage[2m > [22mrenders OCC logo, title, and subtitle [33m 548[2mms[22m[39m
   [33m[2mΓ£ô[22m[39m LandingPage[2m > [22mrenders room cards directly on the landing page [33m 381[2mms[22m[39m
   [33m[2mΓ£ô[22m[39m LandingPage[2m > [22mrenders all 8 rooms on the landing page [33m 328[2mms[22m[39m
 [32mΓ£ô[39m src/components/__tests__/RoomCard.property.test.tsx [2m([22m[2m5 tests[22m[2m)[22m[33m 10974[2mms[22m[39m
   [33m[2mΓ£ô[22m[39m Property 2: Room Card Field Completeness[2m > [22mshould render the room emoji icon for any valid room config [33m 4099[2mms[22m[39m
   [33m[2mΓ£ô[22m[39m Property 2: Room Card Field Completeness[2m > [22mshould render the room name for any valid room config [33m 2496[2mms[22m[39m
   [33m[2mΓ£ô[22m[39m Property 2: Room Card Field Completeness[2m > [22mshould render a description of no more than 120 characters for any valid room config [33m 1347[2mms[22m[39m
   [33m[2mΓ£ô[22m[39m Property 2: Room Card Field Completeness[2m > [22mshould render a numeric student count for any valid room config [33m 1260[2mms[22m[39m
   [33m[2mΓ£ô[22m[39m Property 2: Room Card Field Completeness[2m > [22mshould render an "ENTER ROOM" button element for any valid room config [33m 1764[2mms[22m[39m
 [32mΓ£ô[39m src/components/EmojiDock.test.tsx [2m([22m[2m9 tests[22m[2m)[22m[33m 1415[2mms[22m[39m
   [33m[2mΓ£ô[22m[39m EmojiDock[2m > [22mrenders all approved emoji buttons [33m 659[2mms[22m[39m
[90mstderr[2m | src/app/admin/seasonal/page.test.tsx[2m > 
[22m[2mAdminSeasonalPage[2m > [22m[2mshows error message when save fails
[22m[39mFailed to update seasonal mode: Error: Network error
    at [90mD:\Focus 
Soundtracks\[39msrc\app\admin\seasonal\page.test.tsx:212:34
    at [90mfile:///D:/Focus%20Soundtracks/[39mnode_modules/[4m@vitest/runner
[24m/dist/chunk-hooks.js:155:11
    at [90mfile:///D:/Focus%20Soundtracks/[39mnode_modules/[4m@vitest/runner
[24m/dist/chunk-hooks.js:752:26
    at [90mfile:///D:/Focus%20Soundtracks/[39mnode_modules/[4m@vitest/runner
[24m/dist/chunk-hooks.js:1897:20
    at new Promise (<anonymous>)
    at runWithTimeout [90m(file:///D:/Focus%20Soundtracks/[39mnode_modules/[4
m@vitest/runner[24m/dist/chunk-hooks.js:1863:10[90m)[39m
    at runTest [90m(file:///D:/Focus%20Soundtracks/[39mnode_modules/[4m@vites
t/runner[24m/dist/chunk-hooks.js:1574:12[90m)[39m
    at runSuite [90m(file:///D:/Focus%20Soundtracks/[39mnode_modules/[4m@vite
st/runner[24m/dist/chunk-hooks.js:1729:8[90m)[39m
    at runSuite [90m(file:///D:/Focus%20Soundtracks/[39mnode_modules/[4m@vite
st/runner[24m/dist/chunk-hooks.js:1729:8[90m)[39m
    at runFiles [90m(file:///D:/Focus%20Soundtracks/[39mnode_modules/[4m@vite
st/runner[24m/dist/chunk-hooks.js:1787:3[90m)[39m

 [32mΓ£ô[39m src/app/admin/seasonal/page.test.tsx [2m([22m[2m10 tests[22m[2m)[22m[33m 1126[2mms[22m[39m
 [32mΓ£ô[39m src/app/rooms/page.test.tsx [2m([22m[2m7 tests[22m[2m)[22m[33m 1448[2mms[22m[39m
   [33m[2mΓ£ô[22m[39m RoomDirectory[2m > [22mrenders all 8 default rooms when Firestore returns empty [33m 418[2mms[22m[39m
 [32mΓ£ô[39m src/app/rooms/[roomId]/page.test.tsx [2m([22m[2m6 tests[22m[2m)[22m[33m 1114[2mms[22m[39m
   [33m[2mΓ£ô[22m[39m RoomExperiencePage[2m > [22mrenders all components for a valid room (rainy-cafe) [33m 358[2mms[22m[39m
   [33m[2mΓ£ô[22m[39m RoomExperiencePage[2m > [22mhas no horizontal overflow on the main container [33m 462[2mms[22m[39m
 [32mΓ£ô[39m src/components/AmbientVisualEngine.test.tsx [2m([22m[2m15 tests[22m[2m)[22m[33m 645[2mms[22m[39m
   [33m[2mΓ£ô[22m[39m AmbientVisualEngine[2m > [22mReduced Motion[2m > [22mshould render static gradient when prefers-reduced-motion is enabled [33m 413[2mms[22m[39m
 [32mΓ£ô[39m src/lib/__tests__/admin-validation.property.test.ts [2m([22m[2m13 tests[22m[2m)[22m[33m 764[2mms[22m[39m
 [32mΓ£ô[39m src/components/PresenceCounter.test.tsx [2m([22m[2m9 tests[22m[2m)[22m[33m 785[2mms[22m[39m
   [33m[2mΓ£ô[22m[39m PresenceCounter[2m > [22mhas accessible role and aria-label [33m 384[2mms[22m[39m
 [32mΓ£ô[39m src/components/EncouragementRotator.test.tsx [2m([22m[2m9 tests[22m[2m)[22m[33m 678[2mms[22m[39m
 [32mΓ£ô[39m src/lib/__tests__/emoji-dock-utils.property.test.ts [2m([22m[2m12 tests[22m[2m)[22m[33m 687[2mms[22m[39m
 [32mΓ£ô[39m src/lib/__tests__/analytics-utils.property.test.ts [2m([22m[2m6 tests[22m[2m)[22m[33m 526[2mms[22m[39m
 [32mΓ£ô[39m src/lib/__tests__/seasonal-utils.property.test.ts [2m([22m[2m5 tests[22m[2m)[22m[33m 343[2mms[22m[39m
 [32mΓ£ô[39m src/lib/__tests__/encouragement-utils.property.test.ts [2m([22m[2m8 tests[22m[2m)[22m[33m 346[2mms[22m[39m
 [32mΓ£ô[39m src/lib/__tests__/youtube-url-validation.property.test.ts [2m([22m[2m8 tests[22m[2m)[22m[33m 314[2mms[22m[39m
 [32mΓ£ô[39m src/components/__tests__/AmbientVisualEngine.property.test.ts [2m([22m[2m5 tests[22m[2m)[22m[32m 238[2mms[22m[39m
 [32mΓ£ô[39m src/lib/__tests__/emoji-set-size.property.test.ts [2m([22m[2m5 tests[22m[2m)[22m[32m 171[2mms[22m[39m
 [32mΓ£ô[39m src/lib/__tests__/energy-indicator.property.test.ts [2m([22m[2m4 tests[22m[2m)[22m[32m 175[2mms[22m[39m
 [32mΓ£ô[39m src/lib/__tests__/youtube-utils.property.test.ts [2m([22m[2m5 tests[22m[2m)[22m[32m 150[2mms[22m[39m
 [32mΓ£ô[39m src/lib/admin-validation.test.ts [2m([22m[2m34 tests[22m[2m)[22m[32m 120[2mms[22m[39m
 [32mΓ£ô[39m src/lib/__tests__/timer-utils.property.test.ts [2m([22m[2m4 tests[22m[2m)[22m[32m 128[2mms[22m[39m
 [32mΓ£ô[39m src/lib/__tests__/color-contrast.property.test.ts [2m([22m[2m5 tests[22m[2m)[22m[32m 124[2mms[22m[39m
 [32mΓ£ô[39m src/lib/encouragement-utils.test.ts [2m([22m[2m11 tests[22m[2m)[22m[32m 47[2mms[22m[39m
 [32mΓ£ô[39m src/components/__tests__/LandingBackground.property.test.ts [2m([22m[2m3 tests[22m[2m)[22m[32m 96[2mms[22m[39m
 [32mΓ£ô[39m src/lib/emoji-dock-utils.test.ts [2m([22m[2m21 tests[22m[2m)[22m[32m 31[2mms[22m[39m
 [32mΓ£ô[39m src/lib/timer-utils.test.ts [2m([22m[2m15 tests[22m[2m)[22m[32m 25[2mms[22m[39m
 [32mΓ£ô[39m src/lib/energy-indicator.test.ts [2m([22m[2m10 tests[22m[2m)[22m[32m 22[2mms[22m[39m
 [32mΓ£ô[39m src/components/LandingBackground.test.tsx [2m([22m[2m6 tests[22m[2m)[22m[32m 18[2mms[22m[39m

[2m Test Files [22m [1m[32m32 passed[39m[22m[90m (32)[39m
[2m      Tests [22m [1m[32m307 passed[39m[22m[90m (307)[39m
[2m   Start at [22m 11:06:42
[2m   Duration [22m 98.48s[2m (transform 6.44s, setup 21.32s, collect 18.27s, tests 87.95s, environment 109.74s, prepare 18.47s)[22m

